
####### Exercise 1a #######
$ touch amend.txt

$ git add amend.txt 
$ git commit -m "Testing commit amend"
[main 098c05a] Testing commit amend
 1 file changed, 0 insertions(+), 0 deletions(-)
 create mode 100644 lesson8/amend.txt


####### Exercise 1b #######
$ git commit --amend

# In the commit editor change the commit message

[main 85b4aff] Testing commit amend (modified)
 Date: Tue Jul 9 12:34:23 2024 -0700
 1 file changed, 0 insertions(+), 0 deletions(-)
 create mode 100644 lesson8/amend.txt

$ git log --oneline | head -4
85b4aff Testing commit amend (modified)     # New commit message
0f7ba8d Removing original ex5 solution
17a87b1 Adding GH actions exercise solutions
5e62741 Adding Python code for lesson7


####### Exercise 1c #######
$ vi amend.txt 

# Add "some message" to the file

# Amend the commit to include the updated amend.txt file (and updated commit msg).
$ git add amend.txt 
$ git commit --amend
[main 4892d4a] Testing commit amend (modified again)    # Updated commit message
 Date: Tue Jul 9 12:34:23 2024 -0700
 1 file changed, 1 insertion(+)
 create mode 100644 lesson8/amend.txt

